[38;2;231;72;86m[48;2;0;0;0m# Heading[38;2;255;255;255m[48;2;0;0;0m                                                                       
[38;2;97;214;214m[48;2;0;0;0m[link](]8;;https://example.com\https://example.com]8;;\)[38;2;255;255;255m[48;2;0;0;0m                                                     
                                                                                
                                                                                
                                                                                
                                                                                
                                                                                
                                                                                
                                                                                
                                                                                
                                                                                
                                                                                
                                                                                
                                                                                
                                                                                
                                                                                
                                                                                
                                                                                
                                                                                
                                                                                
                                                                                
                                                                                
                                                                                
                                                                                
